../Core/Src/main.c:107:6:SaveToFlash	32	static
../Core/Src/main.c:199:6:UART_SendString	8	static
../Core/Src/main.c:184:6:HAL_UART_RxCpltCallback	16	static
../Core/Src/main.c:205:6:HAL_UARTEx_RxEventCallback	8	static
../Core/Src/main.c:261:8:abs_	16	static
../Core/Src/main.c:285:6:GenerateSineWaveData	24	static
../Core/Src/main.c:292:6:UpdatePWMDutyCycle	48	static
../Core/Src/main.c:320:6:UART_SendFormattedString	144	static
../Core/Src/main.c:463:6:SystemClock_Config	56	static,ignoring_inline_asm
../Core/Src/main.c:878:6:motor_encoderUpdate2	16	static
../Core/Src/main.c:925:6:HAL_GPIO_EXTI_Rising_Callback	40	static
../Core/Src/main.c:953:6:HAL_GPIO_EXTI_Falling_Callback	40	static
../Core/Src/main.c:998:6:motorPIDA_update	24	static
../Core/Src/main.c:1037:6:motorPIDB_update	24	static
../Core/Src/main.c:343:5:main	136	static,ignoring_inline_asm
../Core/Src/main.c:1094:6:Error_Handler	0	static,ignoring_inline_asm
