../Core/Inc/ringbuffer.h:118:16:ring_buffer_is_empty	0	static
../Core/Inc/ringbuffer.h:127:16:ring_buffer_is_full	0	static
../Core/Inc/ringbuffer.h:136:27:ring_buffer_num_items	0	static
../Core/Src/ringbuffer.c:8:6:ring_buffer_init	8	static
../Core/Src/ringbuffer.c:16:6:ring_buffer_queue	16	static
../Core/Src/ringbuffer.c:29:6:ring_buffer_queue_arr	16	static
../Core/Src/ringbuffer.c:37:9:ring_buffer_dequeue	8	static
../Core/Src/ringbuffer.c:48:20:ring_buffer_dequeue_arr	24	static
../Core/Src/ringbuffer.c:63:9:ring_buffer_peek	16	static
