../Core/Src/stm32c0xx_hal_msp.c:66:6:HAL_MspInit	8	static
../Core/Src/stm32c0xx_hal_msp.c:88:6:HAL_I2C_MspInit	88	static
../Core/Src/stm32c0xx_hal_msp.c:142:6:HAL_I2C_MspDeInit	8	static
../Core/Src/stm32c0xx_hal_msp.c:173:6:HAL_TIM_Base_MspInit	8	static
../Core/Src/stm32c0xx_hal_msp.c:189:6:HAL_TIM_MspPostInit	32	static
../Core/Src/stm32c0xx_hal_msp.c:231:6:HAL_TIM_Base_MspDeInit	0	static
../Core/Src/stm32c0xx_hal_msp.c:253:6:HAL_UART_MspInit	40	static
../Core/Src/stm32c0xx_hal_msp.c:292:6:HAL_UART_MspDeInit	8	static
